{"time": "2024-02-17T10:30:00Z", "level": "INFO", "message": "Application not started", "service": "webserver"}
{"time": "2024-02-17T10:30:00Z", "level": "INFO", "message": "Application not started", "service": "webserver"}

{"time": "2024-02-17T10:30:00Z", "level": "INFO", "message": "Application not started", "service": "webserver"}
{"time": "2024-02-17T10:30:00Z", "level": "INFO", "message": "Application not started", "service": "webserver"}
{"time": "2024-02-17T10:30:00Z", "level": "INFO", "message": "Application not started", "service": "webserver"}

{"time": "2024-02-17T10:30:00Z", "level": "INFO", "message": "Application not started", "service": "webserver"}
{"time": "2024-02-17T10:30:00Z", "level": "INFO", "message": "Application not started", "service": "webserver"}
{"time": "2024-02-17T10:30:00Z", "level": "INFO", "message": "Application not started", "service": "webserver"}
